// Jest Snapshot v1, https://goo.gl/fbAQLP

exports[`renders correctly 1`] = `
<View
  style={
    Object {
      "backgroundColor": "ghostwhite",
      "height": "100%",
    }
  }
>
  <RCTSafeAreaView
    emulateUnlessSupported={true}
    style={
      Array [
        Object {
          "backgroundColor": "#6200ee",
          "elevation": 4,
          "zIndex": 0,
        },
        Object {
          "shadowColor": "#000000",
          "shadowOffset": Object {
            "height": 3,
            "width": 0,
          },
          "shadowOpacity": 0.24,
          "shadowRadius": 4,
        },
      ]
    }
  >
    <View
      style={
        Object {
          "alignItems": "center",
          "backgroundColor": "#6200ee",
          "elevation": 0,
          "flexDirection": "row",
          "height": 56,
          "marginTop": 0,
          "paddingHorizontal": 4,
        }
      }
    >
      <View
        accessibilityRole="button"
        accessibilityStates={Array []}
        accessible={true}
        focusable={true}
        hitSlop={
          Object {
            "bottom": 6,
            "left": 6,
            "right": 6,
            "top": 6,
          }
        }
        isTVSelectable={true}
        onClick={[Function]}
        onResponderGrant={[Function]}
        onResponderMove={[Function]}
        onResponderRelease={[Function]}
        onResponderTerminate={[Function]}
        onResponderTerminationRequest={[Function]}
        onStartShouldSetResponder={[Function]}
        style={
          Array [
            Object {
              "overflow": "hidden",
            },
            Array [
              Object {
                "alignItems": "center",
                "justifyContent": "center",
                "margin": 6,
                "overflow": "hidden",
              },
              Object {
                "borderRadius": 18,
                "height": 36,
                "width": 36,
              },
              undefined,
              undefined,
            ],
          ]
        }
      >
        <View
          style={null}
        >
          <View
            style={
              Array [
                Object {
                  "alignItems": "center",
                  "justifyContent": "center",
                },
                Object {
                  "height": 24,
                  "width": 24,
                },
              ]
            }
          >
            <View
              style={
                Object {
                  "bottom": 0,
                  "left": 0,
                  "opacity": 1,
                  "position": "absolute",
                  "right": 0,
                  "top": 0,
                  "transform": Array [
                    Object {
                      "rotate": "0deg",
                    },
                  ],
                }
              }
            >
              <Text
                accessibilityElementsHidden={true}
                allowFontScaling={false}
                importantForAccessibility="no-hide-descendants"
                pointerEvents="none"
                style={
                  Array [
                    Object {
                      "color": "#ffffff",
                      "fontSize": 24,
                    },
                    Array [
                      Object {
                        "transform": Array [
                          Object {
                            "scaleX": 1,
                          },
                        ],
                      },
                      Object {
                        "backgroundColor": "transparent",
                      },
                    ],
                    Object {
                      "fontFamily": "Material Design Icons",
                      "fontStyle": "normal",
                      "fontWeight": "normal",
                    },
                    Object {},
                  ]
                }
              >
                Ôçú
              </Text>
            </View>
          </View>
        </View>
      </View>
      <View
        accessible={true}
        focusable={false}
        onClick={[Function]}
        onResponderGrant={[Function]}
        onResponderMove={[Function]}
        onResponderRelease={[Function]}
        onResponderTerminate={[Function]}
        onResponderTerminationRequest={[Function]}
        onStartShouldSetResponder={[Function]}
        style={
          Array [
            Object {
              "flex": 1,
              "paddingHorizontal": 12,
            },
            Array [
              Object {
                "marginLeft": 8,
              },
              Object {
                "alignItems": "center",
              },
              undefined,
            ],
          ]
        }
      >
        <Text
          accessibilityRole="header"
          accessibilityTraits="header"
          accessible={true}
          numberOfLines={1}
          style={
            Array [
              Object {
                "color": "#000000",
                "fontFamily": "System",
                "fontWeight": "400",
                "textAlign": "left",
              },
              Array [
                Object {
                  "color": "#ffffff",
                  "fontFamily": "System",
                  "fontWeight": "400",
                },
                Object {
                  "fontSize": 17,
                },
                undefined,
              ],
            ]
          }
        >
          Contact
        </Text>
      </View>
      <View
        style={
          Object {
            "width": 48,
          }
        }
      />
    </View>
  </RCTSafeAreaView>
  <RCTScrollView>
    <View>
      <View
        style={
          Object {
            "backgroundColor": "ghostwhite",
            "height": "100%",
            "margin": "1%",
          }
        }
      >
        <View
          style={
            Object {
              "backgroundColor": "#ffffff",
              "borderRadius": 4,
              "borderWidth": 1,
              "elevation": 1,
              "marginBottom": "5%",
              "marginTop": 3,
              "shadowColor": "#000000",
              "shadowOffset": Object {
                "height": 0.5,
                "width": 0,
              },
              "shadowOpacity": 0.24,
              "shadowRadius": 0.75,
              "width": "100%",
            }
          }
        >
          <View
            accessible={true}
            focusable={false}
            onClick={[Function]}
            onResponderGrant={[Function]}
            onResponderMove={[Function]}
            onResponderRelease={[Function]}
            onResponderTerminate={[Function]}
            onResponderTerminationRequest={[Function]}
            onStartShouldSetResponder={[Function]}
            style={
              Object {
                "flexGrow": 1,
              }
            }
          >
            <View
              style={
                Array [
                  Object {
                    "alignItems": "center",
                    "flexDirection": "row",
                    "justifyContent": "space-between",
                    "paddingLeft": 16,
                  },
                  Object {
                    "height": 50,
                  },
                  undefined,
                ]
              }
            >
              <View
                style={
                  Array [
                    Object {
                      "flex": 1,
                      "flexDirection": "column",
                      "height": 50,
                      "justifyContent": "center",
                    },
                  ]
                }
              >
                <Text
                  numberOfLines={1}
                  style={
                    Array [
                      Object {
                        "color": "#000000",
                        "fontFamily": "System",
                        "fontWeight": "400",
                        "textAlign": "left",
                      },
                      Array [
                        Object {
                          "color": "rgba(0, 0, 0, 0.87)",
                          "fontFamily": "System",
                          "fontWeight": "500",
                          "textAlign": "left",
                          "writingDirection": "ltr",
                        },
                        Array [
                          Object {
                            "fontSize": 20,
                            "letterSpacing": 0.15,
                            "lineHeight": 30,
                            "marginVertical": 2,
                          },
                          Array [
                            Object {
                              "minHeight": 30,
                            },
                            Object {
                              "marginBottom": 2,
                            },
                            undefined,
                          ],
                        ],
                        Array [
                          Object {
                            "fontSize": 20,
                            "letterSpacing": 0.15,
                            "lineHeight": 30,
                            "marginVertical": 2,
                          },
                          Array [
                            Object {
                              "minHeight": 30,
                            },
                            Object {
                              "marginBottom": 2,
                            },
                            undefined,
                          ],
                        ],
                      ],
                    ]
                  }
                >
                  Address and Location
                </Text>
              </View>
              <View />
            </View>
            <View
              accessible={true}
              focusable={true}
              isTVSelectable={true}
              onClick={[Function]}
              onResponderGrant={[Function]}
              onResponderMove={[Function]}
              onResponderRelease={[Function]}
              onResponderTerminate={[Function]}
              onResponderTerminationRequest={[Function]}
              onStartShouldSetResponder={[Function]}
              style={
                Object {
                  "opacity": 1,
                }
              }
            >
              <View
                style={
                  Array [
                    Object {
                      "backgroundColor": "#eeeeee",
                      "height": 195,
                      "overflow": "hidden",
                    },
                    undefined,
                    undefined,
                  ]
                }
              >
                <Image
                  source={
                    Object {
                      "testUri": "../../../images/map.jpg",
                    }
                  }
                  style={
                    Array [
                      Object {
                        "flex": 1,
                        "height": undefined,
                        "justifyContent": "flex-end",
                        "padding": 16,
                        "resizeMode": "cover",
                        "width": undefined,
                      },
                      undefined,
                    ]
                  }
                />
              </View>
            </View>
            <View
              style={
                Array [
                  Object {
                    "paddingHorizontal": 16,
                  },
                  Object {
                    "paddingBottom": 16,
                  },
                  undefined,
                ]
              }
            >
              <Text
                style={
                  Object {
                    "fontFamily": "georgia",
                    "fontSize": 15,
                    "marginTop": "2%",
                  }
                }
              >
                Apex Careers,
                

                Mahatma Phule Museum Campus, Ghole Road,
                

                Shivajinagar, Near Bal Gandharva Rang Mandir,
                

                Pune ‚Äì 411004.
              </Text>
            </View>
          </View>
        </View>
        <View
          style={
            Object {
              "backgroundColor": "#ffffff",
              "borderRadius": 4,
              "borderWidth": 1,
              "elevation": 1,
              "marginBottom": "5%",
              "marginTop": 3,
              "shadowColor": "#000000",
              "shadowOffset": Object {
                "height": 0.5,
                "width": 0,
              },
              "shadowOpacity": 0.24,
              "shadowRadius": 0.75,
              "width": "100%",
            }
          }
        >
          <View
            accessible={true}
            focusable={false}
            onClick={[Function]}
            onResponderGrant={[Function]}
            onResponderMove={[Function]}
            onResponderRelease={[Function]}
            onResponderTerminate={[Function]}
            onResponderTerminationRequest={[Function]}
            onStartShouldSetResponder={[Function]}
            style={
              Object {
                "flexGrow": 1,
              }
            }
          >
            <View
              style={
                Array [
                  Object {
                    "alignItems": "center",
                    "flexDirection": "row",
                    "justifyContent": "space-between",
                    "paddingLeft": 16,
                  },
                  Object {
                    "height": 72,
                  },
                  undefined,
                ]
              }
            >
              <View
                style={
                  Array [
                    Object {
                      "flex": 1,
                      "flexDirection": "column",
                      "height": 50,
                      "justifyContent": "center",
                    },
                  ]
                }
              >
                <Text
                  numberOfLines={1}
                  style={
                    Array [
                      Object {
                        "color": "#000000",
                        "fontFamily": "System",
                        "fontWeight": "400",
                        "textAlign": "left",
                      },
                      Array [
                        Object {
                          "color": "rgba(0, 0, 0, 0.87)",
                          "fontFamily": "System",
                          "fontWeight": "500",
                          "textAlign": "left",
                          "writingDirection": "ltr",
                        },
                        Array [
                          Object {
                            "fontSize": 20,
                            "letterSpacing": 0.15,
                            "lineHeight": 30,
                            "marginVertical": 2,
                          },
                          Array [
                            Object {
                              "minHeight": 30,
                            },
                            Object {
                              "marginBottom": 0,
                            },
                            undefined,
                          ],
                        ],
                        Array [
                          Object {
                            "fontSize": 20,
                            "letterSpacing": 0.15,
                            "lineHeight": 30,
                            "marginVertical": 2,
                          },
                          Array [
                            Object {
                              "minHeight": 30,
                            },
                            Object {
                              "marginBottom": 0,
                            },
                            undefined,
                          ],
                        ],
                      ],
                    ]
                  }
                >
                  Call us!
                </Text>
                <Text
                  numberOfLines={1}
                  style={
                    Array [
                      Object {
                        "color": "#000000",
                        "fontFamily": "System",
                        "fontWeight": "400",
                        "textAlign": "left",
                      },
                      Array [
                        Object {
                          "color": "rgba(0, 0, 0, 0.54)",
                          "fontFamily": "System",
                          "fontWeight": "400",
                          "textAlign": "left",
                          "writingDirection": "ltr",
                        },
                        Array [
                          Object {
                            "fontSize": 12,
                            "letterSpacing": 0.4,
                            "lineHeight": 20,
                            "marginVertical": 2,
                          },
                          Array [
                            Object {
                              "marginVertical": 0,
                              "minHeight": 20,
                            },
                            undefined,
                          ],
                        ],
                        Array [
                          Object {
                            "fontSize": 12,
                            "letterSpacing": 0.4,
                            "lineHeight": 20,
                            "marginVertical": 2,
                          },
                          Array [
                            Object {
                              "marginVertical": 0,
                              "minHeight": 20,
                            },
                            undefined,
                          ],
                        ],
                      ],
                    ]
                  }
                >
                  Press the dialer to call
                </Text>
              </View>
              <View />
            </View>
            <View
              index={1}
              siblings={
                Array [
                  "withTheme(Card.Title)",
                  "withTheme(Button)",
                ]
              }
              style={
                Object {
                  "backgroundColor": "#6200ee",
                  "borderColor": "transparent",
                  "borderRadius": 4,
                  "borderStyle": "solid",
                  "borderWidth": 0,
                  "elevation": 2,
                  "minWidth": 64,
                  "shadowColor": "#000000",
                  "shadowOffset": Object {
                    "height": 0.75,
                    "width": 0,
                  },
                  "shadowOpacity": 0.24,
                  "shadowRadius": 1.5,
                }
              }
              total={2}
            >
              <View
                accessibilityRole="button"
                accessibilityStates={Array []}
                accessible={true}
                focusable={true}
                isTVSelectable={true}
                onClick={[Function]}
                onResponderGrant={[Function]}
                onResponderMove={[Function]}
                onResponderRelease={[Function]}
                onResponderTerminate={[Function]}
                onResponderTerminationRequest={[Function]}
                onStartShouldSetResponder={[Function]}
                style={
                  Array [
                    Object {
                      "overflow": "hidden",
                    },
                    Object {
                      "borderRadius": 4,
                    },
                  ]
                }
              >
                <View
                  style={
                    Array [
                      Object {
                        "alignItems": "center",
                        "flexDirection": "row",
                        "justifyContent": "center",
                      },
                      undefined,
                    ]
                  }
                >
                  <View
                    style={
                      Object {
                        "marginLeft": 12,
                        "marginRight": -4,
                        "width": 16,
                      }
                    }
                  >
                    <Text
                      accessibilityElementsHidden={true}
                      allowFontScaling={false}
                      importantForAccessibility="no-hide-descendants"
                      pointerEvents="none"
                      style={
                        Array [
                          Object {
                            "color": "#ffffff",
                            "fontSize": 16,
                          },
                          Array [
                            Object {
                              "transform": Array [
                                Object {
                                  "scaleX": 1,
                                },
                              ],
                            },
                            Object {
                              "backgroundColor": "transparent",
                            },
                          ],
                          Object {
                            "fontFamily": "Material Design Icons",
                            "fontStyle": "normal",
                            "fontWeight": "normal",
                          },
                          Object {},
                        ]
                      }
                    >
                      Ôè≤
                    </Text>
                  </View>
                  <Text
                    numberOfLines={1}
                    style={
                      Array [
                        Object {
                          "color": "#000000",
                          "fontFamily": "System",
                          "fontWeight": "400",
                          "textAlign": "left",
                        },
                        Array [
                          Object {
                            "letterSpacing": 1,
                            "marginHorizontal": 16,
                            "marginVertical": 9,
                            "textAlign": "center",
                          },
                          undefined,
                          Object {
                            "textTransform": "uppercase",
                          },
                          Object {
                            "color": "#ffffff",
                            "fontFamily": "System",
                            "fontWeight": "500",
                          },
                          Object {
                            "fontFamily": "System",
                            "fontWeight": "500",
                          },
                          undefined,
                        ],
                      ]
                    }
                  />
                </View>
              </View>
            </View>
          </View>
        </View>
        <View
          style={
            Object {
              "backgroundColor": "#ffffff",
              "borderRadius": 4,
              "elevation": 1,
              "shadowColor": "#000000",
              "shadowOffset": Object {
                "height": 0.5,
                "width": 0,
              },
              "shadowOpacity": 0.24,
              "shadowRadius": 0.75,
            }
          }
        >
          <View
            accessible={true}
            focusable={false}
            onClick={[Function]}
            onResponderGrant={[Function]}
            onResponderMove={[Function]}
            onResponderRelease={[Function]}
            onResponderTerminate={[Function]}
            onResponderTerminationRequest={[Function]}
            onStartShouldSetResponder={[Function]}
            style={
              Object {
                "flexGrow": 1,
              }
            }
          >
            <View
              style={
                Array [
                  Object {
                    "alignItems": "center",
                    "flexDirection": "row",
                    "justifyContent": "space-between",
                    "paddingLeft": 16,
                  },
                  Object {
                    "height": 72,
                  },
                  undefined,
                ]
              }
            >
              <View
                style={
                  Array [
                    Object {
                      "flex": 1,
                      "flexDirection": "column",
                      "height": 50,
                      "justifyContent": "center",
                    },
                  ]
                }
              >
                <Text
                  numberOfLines={1}
                  style={
                    Array [
                      Object {
                        "color": "#000000",
                        "fontFamily": "System",
                        "fontWeight": "400",
                        "textAlign": "left",
                      },
                      Array [
                        Object {
                          "color": "rgba(0, 0, 0, 0.54)",
                          "fontFamily": "System",
                          "fontWeight": "400",
                          "textAlign": "left",
                          "writingDirection": "ltr",
                        },
                        Array [
                          Object {
                            "fontSize": 12,
                            "letterSpacing": 0.4,
                            "lineHeight": 20,
                            "marginVertical": 2,
                          },
                          Array [
                            Object {
                              "marginVertical": 0,
                              "minHeight": 20,
                            },
                            undefined,
                          ],
                        ],
                        Array [
                          Object {
                            "fontSize": 12,
                            "letterSpacing": 0.4,
                            "lineHeight": 20,
                            "marginVertical": 2,
                          },
                          Array [
                            Object {
                              "marginVertical": 0,
                              "minHeight": 20,
                            },
                            undefined,
                          ],
                        ],
                      ],
                    ]
                  }
                >
                  Mail us at:apexcareers2005@gmail.com
                </Text>
              </View>
              <View />
            </View>
          </View>
        </View>
      </View>
    </View>
  </RCTScrollView>
</View>
`;
