// Jest Snapshot v1, https://goo.gl/fbAQLP

exports[`renders correctly 1`] = `
<View
  style={
    Object {
      "backgroundColor": "ghostwhite",
      "height": "100%",
    }
  }
>
  <RCTScrollView>
    <View>
      <RCTSafeAreaView
        emulateUnlessSupported={true}
        style={
          Array [
            Object {
              "backgroundColor": "#6200ee",
              "elevation": 4,
              "zIndex": 0,
            },
            Object {
              "shadowColor": "#000000",
              "shadowOffset": Object {
                "height": 3,
                "width": 0,
              },
              "shadowOpacity": 0.24,
              "shadowRadius": 4,
            },
          ]
        }
      >
        <View
          style={
            Object {
              "alignItems": "center",
              "backgroundColor": "#6200ee",
              "elevation": 0,
              "flexDirection": "row",
              "height": 56,
              "marginTop": 0,
              "paddingHorizontal": 4,
            }
          }
        >
          <View
            accessibilityRole="button"
            accessibilityStates={Array []}
            accessible={true}
            focusable={true}
            hitSlop={
              Object {
                "bottom": 6,
                "left": 6,
                "right": 6,
                "top": 6,
              }
            }
            isTVSelectable={true}
            onClick={[Function]}
            onResponderGrant={[Function]}
            onResponderMove={[Function]}
            onResponderRelease={[Function]}
            onResponderTerminate={[Function]}
            onResponderTerminationRequest={[Function]}
            onStartShouldSetResponder={[Function]}
            style={
              Array [
                Object {
                  "overflow": "hidden",
                },
                Array [
                  Object {
                    "alignItems": "center",
                    "justifyContent": "center",
                    "margin": 6,
                    "overflow": "hidden",
                  },
                  Object {
                    "borderRadius": 18,
                    "height": 36,
                    "width": 36,
                  },
                  undefined,
                  undefined,
                ],
              ]
            }
          >
            <View
              style={null}
            >
              <View
                style={
                  Array [
                    Object {
                      "alignItems": "center",
                      "justifyContent": "center",
                    },
                    Object {
                      "height": 24,
                      "width": 24,
                    },
                  ]
                }
              >
                <View
                  style={
                    Object {
                      "bottom": 0,
                      "left": 0,
                      "opacity": 1,
                      "position": "absolute",
                      "right": 0,
                      "top": 0,
                      "transform": Array [
                        Object {
                          "rotate": "0deg",
                        },
                      ],
                    }
                  }
                >
                  <Text
                    accessibilityElementsHidden={true}
                    allowFontScaling={false}
                    importantForAccessibility="no-hide-descendants"
                    pointerEvents="none"
                    style={
                      Array [
                        Object {
                          "color": "#ffffff",
                          "fontSize": 24,
                        },
                        Array [
                          Object {
                            "transform": Array [
                              Object {
                                "scaleX": 1,
                              },
                            ],
                          },
                          Object {
                            "backgroundColor": "transparent",
                          },
                        ],
                        Object {
                          "fontFamily": "Material Design Icons",
                          "fontStyle": "normal",
                          "fontWeight": "normal",
                        },
                        Object {},
                      ]
                    }
                  >
                    Ôçú
                  </Text>
                </View>
              </View>
            </View>
          </View>
          <View
            accessible={true}
            focusable={false}
            onClick={[Function]}
            onResponderGrant={[Function]}
            onResponderMove={[Function]}
            onResponderRelease={[Function]}
            onResponderTerminate={[Function]}
            onResponderTerminationRequest={[Function]}
            onStartShouldSetResponder={[Function]}
            style={
              Array [
                Object {
                  "flex": 1,
                  "paddingHorizontal": 12,
                },
                Array [
                  Object {
                    "marginLeft": 8,
                  },
                  Object {
                    "alignItems": "center",
                  },
                  undefined,
                ],
              ]
            }
          >
            <Text
              accessibilityRole="header"
              accessibilityTraits="header"
              accessible={true}
              numberOfLines={1}
              style={
                Array [
                  Object {
                    "color": "#000000",
                    "fontFamily": "System",
                    "fontWeight": "400",
                    "textAlign": "left",
                  },
                  Array [
                    Object {
                      "color": "#ffffff",
                      "fontFamily": "System",
                      "fontWeight": "400",
                    },
                    Object {
                      "fontSize": 17,
                    },
                    undefined,
                  ],
                ]
              }
            >
              Success Stories
            </Text>
          </View>
          <View
            style={
              Object {
                "width": 48,
              }
            }
          />
        </View>
      </RCTSafeAreaView>
    </View>
  </RCTScrollView>
</View>
`;
